sayhello:
	@echo "Hello, $(WHO)!"
	
saygoodbye: sayhello
saygoodbye:
	@echo "Bye for now," `date +%Y/%m/%d`
	
	@echo "See you later."
	
WHO = makedown


# This makefile is generated by makedown from "Makefile.md"
